Microchip MPLAB XC8 Compiler V2.32

Linker command line:

-W-3 --edf=C:\Program Files\Microchip\xc8\v2.32\pic\dat\en_msgs.txt -cn \
  -h+dist/default/production\Digital_Alarm_Clock.X.production.sym \
  --cmf=dist/default/production\Digital_Alarm_Clock.X.production.cmf -z \
  -Q16F877A -oC:\Users\Utsava\AppData\Local\Temp\xcAs1ck.5 \
  --defsym=__MPLAB_BUILD=1 \
  -Mdist/default/production/Digital_Alarm_Clock.X.production.map -E1 \
  -ver=XC8 Compiler --acfsm=1493 -ASTACK=0110h-016Fh -pstack=STACK \
  -ACODE=00h-07FFhx4 -ASTRCODE=00h-01FFFh -ASTRING=00h-0FFhx32 \
  -ACONST=00h-0FFhx32 -AENTRY=00h-0FFhx32 -ACOMMON=070h-07Fh \
  -ABANK0=020h-06Fh -ABANK1=0A0h-0EFh -ABANK2=0110h-016Fh \
  -ABANK3=0190h-01EFh -ARAM=020h-06Fh,0A0h-0EFh,0110h-016Fh,0190h-01EFh \
  -AABS1=020h-07Fh,0A0h-0EFh,0110h-016Fh,0190h-01EFh -ASFR0=00h-01Fh \
  -ASFR1=080h-09Fh -ASFR2=0100h-010Fh -ASFR3=0180h-018Fh \
  -ACONFIG=02007h-02007h -DCONFIG=2 -AIDLOC=02000h-02003h -DIDLOC=2 \
  -AEEDATA=00h-0FFh/02100h -peeprom_data=EEDATA -DEEDATA=2 -DCODE=2 \
  -DSTRCODE=2 -DSTRING=2 -DCONST=2 -DENTRY=2 \
  -preset_vec=00h,intentry=04h,init,end_init -ppowerup=CODE -pcinit=CODE \
  -pfunctab=ENTRY -k C:\Users\Utsava\AppData\Local\Temp\xcAs1ck.o \
  dist/default/production\Digital_Alarm_Clock.X.production.o 

Object code version is 3.11

Machine type is 16F877A



                Name                               Link     Load   Length Selector   Space Scale
C:\Users\Utsava\AppData\Local\Temp\xcAs1ck.o
                end_init                             10       10        3        8       0
                reset_vec                             0        0        3        0       0
                config                             2007     2007        1        0       4
dist/default/production\Digital_Alarm_Clock.X.production.o
                cinit                                13       13       26        8       0
                intentry                              4        4        C        8       0
                config                             2007     2007        1        0       4
                text47                             1ECB     1ECB       64     3D96       0
                text46                             1B6C     1B6C        D     36D8       0
                text45                             1B3A     1B3A        9     3674       0
                text44                             1B43     1B43        9     3686       0
                text43                             1B56     1B56        B     36AC       0
                text42                             1BD2     1BD2       22     37A4       0
                text41                             1C16     1C16       23     382C       0
                text40                             1B9E     1B9E       19     373C       0
                text39                             1F97     1F97       69     3F2E       0
                text38                             1E70     1E70       5B     3CE0       0
                text37                              80C      80C       41     1018       0
                text36                             1DE4     1DE4       3C     3BC8       0
                text35                             1CDE     1CDE       33     39BC       0
                text34                              7EA      7EA       15        8       0
                text33                             1B79     1B79       12     36F2       0
                text32                             1C5D     1C5D       27     38BA       0
                text31                             1B61     1B61        B     36C2       0
                text30                             1D45     1D45       35     3A8A       0
                text29                             1D7A     1D7A       35     3AF4       0
                text28                              773      773       77        8       0
                text27                             10A3     10A3       17     2146       0
                text26                             1BF4     1BF4       22     37E8       0
                text25                              84D      84D       B8     109A       0
                text24                             1B13     1B13        6     3626       0
                text23                             1DAF     1DAF       35     3B5E       0
                text22                             1B19     1B19        6     3632       0
                text21                             1E20     1E20       50     3C40       0
                text20                             1317     1317       AE     262E       0
                text19                              5E9      5E9      18A        8       0
                text18                             13C5     13C5      13F     278A       0
                text17                             1B1F     1B1F        6     363E       0
                text16                             10BA     10BA       71     2174       0
                text15                              801      801        B     1002       0
                text14                             1B25     1B25        6     364A       0
                text13                             1C39     1C39       24     3872       0
                text12                             1BB7     1BB7       1B     376E       0
                text11                             1F2F     1F2F       68     3E5E       0
                text10                             1D11     1D11       34     3A22       0
                text9                              1B4C     1B4C        A     3698       0
                text8                              1C84     1C84       2B     3908       0
                text7                              112B     112B       A4     2256       0
                text6                              11CF     11CF       A4     239E       0
                text5                              1273     1273       A4     24E6       0
                text4                              1CAF     1CAF       2F     395E       0
                text3                               905      905      32E     120A       0
                text2                                39       39      5B0        8       0
                text1                              1504     1504      2FC     2A08       0
                maintext                            C33      C33      3CD     1866       0
                cstackBANK0                          48       48       1B       20       1
                cstackCOMMON                         70       70        6       70       1
                cstackBANK3                         190      190       11      190       1
                clrtext                            1B32     1B32        8     3664       0
                inittext                           1B8B     1B8B       13     3716       0
                dataBANK1                            DA       DA        7       A0       1
                bssBANK1                             A0       A0       3A       A0       1
                bssBANK0                             20       20       28       20       1
                bssCOMMON                            76       76        4       70       1
                strings                            1000     1000       A3     2000       0
                idataBANK1                         1B2B     1B2B        7     3656       0

TOTAL           Name                               Link     Load   Length     Space
        CLASS   STACK          

        CLASS   CODE           
                end_init                             10       10        3         0
                cinit                                13       13       26         0
                intentry                              4        4        C         0
                reset_vec                             0        0        3         0
                text47                             1ECB     1ECB       64         0
                text46                             1B6C     1B6C        D         0
                text45                             1B3A     1B3A        9         0
                text44                             1B43     1B43        9         0
                text43                             1B56     1B56        B         0
                text42                             1BD2     1BD2       22         0
                text41                             1C16     1C16       23         0
                text40                             1B9E     1B9E       19         0
                text39                             1F97     1F97       69         0
                text38                             1E70     1E70       5B         0
                text37                              80C      80C       41         0
                text36                             1DE4     1DE4       3C         0
                text35                             1CDE     1CDE       33         0
                text34                              7EA      7EA       15         0
                text33                             1B79     1B79       12         0
                text32                             1C5D     1C5D       27         0
                text31                             1B61     1B61        B         0
                text30                             1D45     1D45       35         0
                text29                             1D7A     1D7A       35         0
                text28                              773      773       77         0
                text27                             10A3     10A3       17         0
                text26                             1BF4     1BF4       22         0
                text25                              84D      84D       B8         0
                text24                             1B13     1B13        6         0
                text23                             1DAF     1DAF       35         0
                text22                             1B19     1B19        6         0
                text21                             1E20     1E20       50         0
                text20                             1317     1317       AE         0
                text19                              5E9      5E9      18A         0
                text18                             13C5     13C5      13F         0
                text17                             1B1F     1B1F        6         0
                text16                             10BA     10BA       71         0
                text15                              801      801        B         0
                text14                             1B25     1B25        6         0
                text13                             1C39     1C39       24         0
                text12                             1BB7     1BB7       1B         0
                text11                             1F2F     1F2F       68         0
                text10                             1D11     1D11       34         0
                text9                              1B4C     1B4C        A         0
                text8                              1C84     1C84       2B         0
                text7                              112B     112B       A4         0
                text6                              11CF     11CF       A4         0
                text5                              1273     1273       A4         0
                text4                              1CAF     1CAF       2F         0
                text3                               905      905      32E         0
                text2                                39       39      5B0         0
                text1                              1504     1504      2FC         0
                maintext                            C33      C33      3CD         0
                clrtext                            1B32     1B32        8         0
                inittext                           1B8B     1B8B       13         0
                idataBANK1                         1B2B     1B2B        7         0

        CLASS   STRCODE        

        CLASS   STRING         
                strings                            1000     1000       A3         0

        CLASS   CONST          

        CLASS   ENTRY          

        CLASS   COMMON         
                cstackCOMMON                         70       70        6         1
                bssCOMMON                            76       76        4         1

        CLASS   BANK0          
                cstackBANK0                          48       48       1B         1
                bssBANK0                             20       20       28         1

        CLASS   BANK1          
                dataBANK1                            DA       DA        7         1
                bssBANK1                             A0       A0       3A         1

        CLASS   BANK2          

        CLASS   BANK3          
                cstackBANK3                         190      190       11         1

        CLASS   RAM            

        CLASS   ABS1           
                abs_s1                               7E       7E        2         1

        CLASS   SFR0           

        CLASS   SFR1           

        CLASS   SFR2           

        CLASS   SFR3           

        CLASS   CONFIG         
                config                             2007     2007        1         4

        CLASS   IDLOC          

        CLASS   EEDATA         



SEGMENTS        Name                           Load    Length   Top    Selector   Space  Class     Delta

                reset_vec                      000000  000003  000003         0       0  CODE        2
                intentry                       000004  0007FB  0007FF         8       0  CODE        2
                bssBANK0                       000020  000043  000063        20       1  BANK0       1
                cstackCOMMON                   000070  00000A  00007A        70       1  COMMON      1
                bssBANK1                       0000A0  000041  0000E1        A0       1  BANK1       1
                cstackBANK3                    000190  000011  0001A1       190       1  BANK3       1
                text15                         000801  00000B  00080C      1002       0  CODE        2
                text37                         00080C  000041  00084D      1018       0  CODE        2
                text25                         00084D  0000B8  000905      109A       0  CODE        2
                text3                          000905  00032E  000C33      120A       0  CODE        2
                maintext                       000C33  0003CD  001000      1866       0  CODE        2
                strings                        001000  0000A3  0010A3      2000       0  STRING      2
                text27                         0010A3  000017  0010BA      2146       0  CODE        2
                text16                         0010BA  000071  00112B      2174       0  CODE        2
                text7                          00112B  0000A4  0011CF      2256       0  CODE        2
                text6                          0011CF  0000A4  001273      239E       0  CODE        2
                text5                          001273  0000A4  001317      24E6       0  CODE        2
                text20                         001317  0000AE  0013C5      262E       0  CODE        2
                text18                         0013C5  00013F  001504      278A       0  CODE        2
                text1                          001504  0002FC  001800      2A08       0  CODE        2
                text24                         001B13  000006  001B19      3626       0  CODE        2
                text22                         001B19  000006  001B1F      3632       0  CODE        2
                text17                         001B1F  000006  001B25      363E       0  CODE        2
                text14                         001B25  000006  001B2B      364A       0  CODE        2
                idataBANK1                     001B2B  000007  001B32      3656       0  CODE        2
                clrtext                        001B32  000008  001B3A      3664       0  CODE        2
                text45                         001B3A  000009  001B43      3674       0  CODE        2
                text44                         001B43  000009  001B4C      3686       0  CODE        2
                text9                          001B4C  00000A  001B56      3698       0  CODE        2
                text43                         001B56  00000B  001B61      36AC       0  CODE        2
                text31                         001B61  00000B  001B6C      36C2       0  CODE        2
                text46                         001B6C  00000D  001B79      36D8       0  CODE        2
                text33                         001B79  000012  001B8B      36F2       0  CODE        2
                inittext                       001B8B  000013  001B9E      3716       0  CODE        2
                text40                         001B9E  000019  001BB7      373C       0  CODE        2
                text12                         001BB7  00001B  001BD2      376E       0  CODE        2
                text42                         001BD2  000022  001BF4      37A4       0  CODE        2
                text26                         001BF4  000022  001C16      37E8       0  CODE        2
                text41                         001C16  000023  001C39      382C       0  CODE        2
                text13                         001C39  000024  001C5D      3872       0  CODE        2
                text32                         001C5D  000027  001C84      38BA       0  CODE        2
                text8                          001C84  00002B  001CAF      3908       0  CODE        2
                text4                          001CAF  00002F  001CDE      395E       0  CODE        2
                text35                         001CDE  000033  001D11      39BC       0  CODE        2
                text10                         001D11  000034  001D45      3A22       0  CODE        2
                text30                         001D45  000035  001D7A      3A8A       0  CODE        2
                text29                         001D7A  000035  001DAF      3AF4       0  CODE        2
                text23                         001DAF  000035  001DE4      3B5E       0  CODE        2
                text36                         001DE4  00003C  001E20      3BC8       0  CODE        2
                text21                         001E20  000050  001E70      3C40       0  CODE        2
                text38                         001E70  00005B  001ECB      3CE0       0  CODE        2
                text47                         001ECB  000064  001F2F      3D96       0  CODE        2
                text11                         001F2F  000068  001F97      3E5E       0  CODE        2
                text39                         001F97  000069  002000      3F2E       0  CODE        2


UNUSED ADDRESS RANGES

        Name                Unused          Largest block    Delta
        BANK0            0063-006F              D           1
        BANK1            00E1-00EF              F           1
        BANK2            0110-016F             60           1
        BANK3            01A1-01EF             4F           1
        CODE             0003-0003              1           2
                         07FF-0800              1
                         1800-1B12            313
        COMMON           007A-007D              4           1
        CONST            0003-0003              1           2
                         07FF-0800              1
                         1800-1B12            100
        EEDATA           2100-21FF            100           2
        ENTRY            0003-0003              1           2
                         07FF-0800              1
                         1800-1B12            100
        IDLOC            2000-2003              4           2
        RAM              0063-006F              D           1
                         00E1-00EF              F
                         0110-016F             60
                         01A1-01EF             4F
        SFR0             0000-001F             20           1
        SFR1             0080-009F             20           1
        SFR2             0100-010F             10           1
        SFR3             0180-018F             10           1
        STACK            0110-016F             60           1
        STRCODE          0003-0003              1           2
                         07FF-0800              2
                         1800-1B12            313
        STRING           0003-0003              1           2
                         07FF-0800              1
                         1800-1B12            100

                                  Symbol Table

?___awdiv                         cstackBANK0  0048
?___awmod                         cstackBANK0  0050
?___lldiv                         cstackBANK0  0048
?_strncmp                         cstackBANK0  0048
_ACKDT                            (abs)        048D
_ACKEN                            (abs)        048C
_ACKSTAT                          (abs)        048E
_GIE                              (abs)        005F
_PEIE                             (abs)        005E
_PEN                              (abs)        048A
_PM                               bssCOMMON    0078
_PORTB                            (abs)        0006
_PORTC                            (abs)        0007
_PORTD                            (abs)        0008
_PR2                              (abs)        0092
_RCEN                             (abs)        048B
_RE1                              (abs)        0049
_RE2                              (abs)        004A
_R_nW                             (abs)        04A2
_SEN                              (abs)        0488
_SSPADD                           (abs)        0093
_SSPBUF                           (abs)        0013
_SSPCON2                          (abs)        0091
_SSPEN                            (abs)        00A5
_SSPM3                            (abs)        00A3
_T2CKPS0                          (abs)        0090
_T2CKPS1                          (abs)        0091
_TMR2IE                           (abs)        0461
_TMR2IF                           (abs)        0061
_TMR2ON                           (abs)        0092
_TRISB                            (abs)        0086
_TRISC                            (abs)        0087
_TRISD                            (abs)        0088
_TRISE1                           (abs)        0449
_TRISE2                           (abs)        044A
__Habs1                           abs1         0000
__Hbank0                          bank0        0000
__Hbank1                          bank1        0000
__Hbank2                          bank2        0000
__Hbank3                          bank3        0000
__HbssBANK0                       bssBANK0     0000
__HbssBANK1                       bssBANK1     0000
__HbssCOMMON                      bssCOMMON    0000
__Hcinit                          cinit        0039
__Hclrtext                        clrtext      0000
__Hcode                           code         0000
__Hcommon                         common       0000
__Hconfig                         config       2008
__HcstackBANK0                    cstackBANK0  0000
__HcstackBANK3                    cstackBANK3  0000
__HcstackCOMMON                   cstackCOMMON 0000
__HdataBANK1                      dataBANK1    0000
__Heeprom_data                    eeprom_data  0000
__Hend_init                       end_init     0013
__Hfunctab                        functab      0000
__HidataBANK1                     idataBANK1   0000
__Hinit                           init         0010
__Hinittext                       inittext     0000
__Hintentry                       intentry     0010
__Hmaintext                       maintext     0000
__Hpowerup                        powerup      0000
__Hram                            ram          0000
__Hreset_vec                      reset_vec    0003
__Hsfr0                           sfr0         0000
__Hsfr1                           sfr1         0000
__Hsfr2                           sfr2         0000
__Hsfr3                           sfr3         0000
__Hspace_0                        (abs)        2000
__Hspace_1                        (abs)        01A1
__Hspace_2                        (abs)        0000
__Hspace_3                        (abs)        0000
__Hspace_4                        (abs)        400F
__Hstack                          stack        0000
__Hstrings                        strings      0000
__Htext                           text         0000
__Labs1                           abs1         0000
__Lbank0                          bank0        0000
__Lbank1                          bank1        0000
__Lbank2                          bank2        0000
__Lbank3                          bank3        0000
__LbssBANK0                       bssBANK0     0000
__LbssBANK1                       bssBANK1     0000
__LbssCOMMON                      bssCOMMON    0000
__Lcinit                          cinit        0013
__Lclrtext                        clrtext      0000
__Lcode                           code         0000
__Lcommon                         common       0000
__Lconfig                         config       0000
__LcstackBANK0                    cstackBANK0  0000
__LcstackBANK3                    cstackBANK3  0000
__LcstackCOMMON                   cstackCOMMON 0000
__LdataBANK1                      dataBANK1    0000
__Leeprom_data                    eeprom_data  0000
__Lend_init                       end_init     0010
__Lfunctab                        functab      0000
__LidataBANK1                     idataBANK1   0000
__Linit                           init         0010
__Linittext                       inittext     0000
__Lintentry                       intentry     0004
__Lmaintext                       maintext     0000
__Lpowerup                        powerup      0000
__Lram                            ram          0000
__Lreset_vec                      reset_vec    0000
__Lsfr0                           sfr0         0000
__Lsfr1                           sfr1         0000
__Lsfr2                           sfr2         0000
__Lsfr3                           sfr3         0000
__Lspace_0                        (abs)        0000
__Lspace_1                        (abs)        0000
__Lspace_2                        (abs)        0000
__Lspace_3                        (abs)        0000
__Lspace_4                        (abs)        0000
__Lstack                          stack        0000
__Lstrings                        strings      0000
__Ltext                           text         0000
__S0                              (abs)        2000
__S1                              (abs)        01A1
__S2                              (abs)        0000
__S3                              (abs)        0000
___awdiv                          text39       1F97
___awdiv@counter                  cstackBANK0  004C
___awdiv@dividend                 cstackBANK0  004A
___awdiv@divisor                  cstackBANK0  0048
___awdiv@quotient                 cstackBANK0  004E
___awdiv@sign                     cstackBANK0  004D
___awmod                          text38       1E70
___awmod@counter                  cstackBANK0  0054
___awmod@dividend                 cstackBANK0  0052
___awmod@divisor                  cstackBANK0  0050
___awmod@sign                     cstackBANK0  0055
___bmul                           text27       10A3
___bmul@multiplicand              cstackBANK0  004C
___bmul@multiplier                cstackBANK0  004F
___bmul@product                   cstackBANK0  004E
___int_sp                         stack        0000
___latbits                        (abs)        0002
___lldiv                          text11       1F2F
___lldiv@counter                  cstackBANK0  0054
___lldiv@dividend                 cstackBANK0  004C
___lldiv@divisor                  cstackBANK0  0048
___lldiv@quotient                 cstackBANK0  0050
___sp                             stack        0000
___stackhi                        (abs)        0000
___stacklo                        (abs)        0000
__end_of___awdiv                  text39       2000
__end_of___awmod                  text38       1ECB
__end_of___bmul                   text27       10BA
__end_of___lldiv                  text11       1F97
__end_of__initialization          cinit        0035
__end_of__stringtab               strings      1010
__end_of_alarm                    text24       1B19
__end_of_alarm_event              text40       1BB7
__end_of_byte_write_EEPROM        text42       1BF4
__end_of_clcd_print               text35       1D11
__end_of_clcd_putch               text34       07FF
__end_of_clcd_write               text36       1E20
__end_of_clear_screen             text33       1B8B
__end_of_dec2bcd                  text37       084D
__end_of_display_dash_screen      text19       0773
__end_of_display_date             text28       07EA
__end_of_display_event            text18       1504
__end_of_display_time             text25       0905
__end_of_get_date                 text29       1DAF
__end_of_get_time                 text26       1C16
__end_of_i2c_read                 text32       1C84
__end_of_i2c_rep_start            text31       1B6C
__end_of_i2c_start                text45       1B43
__end_of_i2c_stop                 text44       1B4C
__end_of_i2c_wait_for_idle        text46       1B79
__end_of_i2c_write                text43       1B61
__end_of_init_buzzer              text17       1B25
__end_of_init_clcd                text15       080C
__end_of_init_config              text8        1CAF
__end_of_init_digital_keypad      text14       1B2B
__end_of_init_display_controller  text16       112B
__end_of_init_ds1307              text12       1BD2
__end_of_init_i2c                 text10       1D45
__end_of_init_timer2              text9        1B56
__end_of_isr                      text47       1F2F
__end_of_main                     maintext     1000
__end_of_menu1                    text7        11CF
__end_of_menu2                    text6        1273
__end_of_menu3                    text5        1317
__end_of_read_EEPROM              text23       1DE4
__end_of_read_digital_keypad      text4        1CDE
__end_of_read_ds1307              text30       1D7A
__end_of_ring_alarm               text20       13C5
__end_of_set_date                 text3        0C33
__end_of_set_event                text2        05E9
__end_of_set_time                 text1        1800
__end_of_stop_alarm               text22       1B1F
__end_of_str_write_EEPROM         text41       1C39
__end_of_strncmp                  text21       1E70
__end_of_times                    strings      1014
__end_of_write_ds1307             text13       1C5D
__initialization                  cinit        0013
__pbssBANK0                       bssBANK0     0020
__pbssBANK1                       bssBANK1     00A0
__pbssCOMMON                      bssCOMMON    0076
__pcstackBANK0                    cstackBANK0  0048
__pcstackBANK3                    cstackBANK3  0190
__pcstackCOMMON                   cstackCOMMON 0070
__pdataBANK1                      dataBANK1    00DA
__pidataBANK1                     idataBANK1   1B2B
__pintentry                       intentry     0004
__pmaintext                       maintext     0C33
__pstrings                        strings      1000
__ptext1                          text1        1504
__ptext10                         text10       1D11
__ptext11                         text11       1F2F
__ptext12                         text12       1BB7
__ptext13                         text13       1C39
__ptext14                         text14       1B25
__ptext15                         text15       0801
__ptext16                         text16       10BA
__ptext17                         text17       1B1F
__ptext18                         text18       13C5
__ptext19                         text19       05E9
__ptext2                          text2        0039
__ptext20                         text20       1317
__ptext21                         text21       1E20
__ptext22                         text22       1B19
__ptext23                         text23       1DAF
__ptext24                         text24       1B13
__ptext25                         text25       084D
__ptext26                         text26       1BF4
__ptext27                         text27       10A3
__ptext28                         text28       0773
__ptext29                         text29       1D7A
__ptext3                          text3        0905
__ptext30                         text30       1D45
__ptext31                         text31       1B61
__ptext32                         text32       1C5D
__ptext33                         text33       1B79
__ptext34                         text34       07EA
__ptext35                         text35       1CDE
__ptext36                         text36       1DE4
__ptext37                         text37       080C
__ptext38                         text38       1E70
__ptext39                         text39       1F97
__ptext4                          text4        1CAF
__ptext40                         text40       1B9E
__ptext41                         text41       1C16
__ptext42                         text42       1BD2
__ptext43                         text43       1B56
__ptext44                         text44       1B43
__ptext45                         text45       1B3A
__ptext46                         text46       1B6C
__ptext47                         text47       1ECB
__ptext5                          text5        1273
__ptext6                          text6        11CF
__ptext7                          text7        112B
__ptext8                          text8        1C84
__ptext9                          text9        1B4C
__size_of___awdiv                 (abs)        0000
__size_of___awmod                 (abs)        0000
__size_of___bmul                  (abs)        0000
__size_of___lldiv                 (abs)        0000
__size_of_alarm                   (abs)        0000
__size_of_alarm_event             (abs)        0000
__size_of_byte_write_EEPROM       (abs)        0000
__size_of_clcd_print              (abs)        0000
__size_of_clcd_putch              (abs)        0000
__size_of_clcd_write              (abs)        0000
__size_of_clear_screen            (abs)        0000
__size_of_dec2bcd                 (abs)        0000
__size_of_display_dash_screen     (abs)        0000
__size_of_display_date            (abs)        0000
__size_of_display_event           (abs)        0000
__size_of_display_time            (abs)        0000
__size_of_get_date                (abs)        0000
__size_of_get_time                (abs)        0000
__size_of_i2c_read                (abs)        0000
__size_of_i2c_rep_start           (abs)        0000
__size_of_i2c_start               (abs)        0000
__size_of_i2c_stop                (abs)        0000
__size_of_i2c_wait_for_idle       (abs)        0000
__size_of_i2c_write               (abs)        0000
__size_of_init_buzzer             (abs)        0000
__size_of_init_clcd               (abs)        0000
__size_of_init_config             (abs)        0000
__size_of_init_digital_keypad     (abs)        0000
__size_of_init_display_controller (abs)        0000
__size_of_init_ds1307             (abs)        0000
__size_of_init_i2c                (abs)        0000
__size_of_init_timer2             (abs)        0000
__size_of_isr                     (abs)        0000
__size_of_main                    (abs)        0000
__size_of_menu1                   (abs)        0000
__size_of_menu2                   (abs)        0000
__size_of_menu3                   (abs)        0000
__size_of_read_EEPROM             (abs)        0000
__size_of_read_digital_keypad     (abs)        0000
__size_of_read_ds1307             (abs)        0000
__size_of_ring_alarm              (abs)        0000
__size_of_set_date                (abs)        0000
__size_of_set_event               (abs)        0000
__size_of_set_time                (abs)        0000
__size_of_stop_alarm              (abs)        0000
__size_of_str_write_EEPROM        (abs)        0000
__size_of_strncmp                 (abs)        0000
__size_of_write_ds1307            (abs)        0000
__stringbase                      strings      100F
__stringtab                       strings      1000
_alarm                            text24       1B13
_alarm_event                      text40       1B9E
_byte_write_EEPROM                text42       1BD2
_clcd_print                       text35       1CDE
_clcd_putch                       text34       07EA
_clcd_write                       text36       1DE4
_clear_screen                     text33       1B79
_clock_reg                        bssBANK0     0020
_date                             bssBANK1     00C3
_date_reg                         bssBANK1     00B9
_day                              bssBANK0     0039
_dec2bcd                          text37       080C
_display_dash_screen              text19       05E9
_display_date                     text28       0773
_display_event                    text18       13C5
_display_time                     text25       084D
_dur_sec                          bssBANK0     003D
_event                            bssBANK0     0036
_get_date                         text29       1D7A
_get_time                         text26       1BF4
_hour                             bssBANK0     003A
_i2c_read                         text32       1C5D
_i2c_rep_start                    text31       1B61
_i2c_start                        text45       1B3A
_i2c_stop                         text44       1B43
_i2c_wait_for_idle                text46       1B6C
_i2c_write                        text43       1B56
_init_buzzer                      text17       1B1F
_init_clcd                        text15       0801
_init_config                      text8        1C84
_init_digital_keypad              text14       1B25
_init_display_controller          text16       10BA
_init_ds1307                      text12       1BB7
_init_i2c                         text10       1D11
_init_timer2                      text9        1B4C
_isr                              text47       1ECB
_main                             maintext     0C33
_menu1                            text7        112B
_menu2                            text6        11CF
_menu3                            text5        1273
_menu_1                           dataBANK1    00DE
_menu_2                           dataBANK1    00DC
_menu_3                           dataBANK1    00DA
_min                              bssCOMMON    0079
_minute                           bssBANK0     003B
_month                            bssBANK0     0038
_new_event                        bssBANK1     00CD
_read_EEPROM                      text23       1DAF
_read_digital_keypad              text4        1CAF
_read_ds1307                      text30       1D45
_return_time                      bssCOMMON    0076
_ring_alarm                       text20       1317
_sec                              bssBANK0     003E
_second                           bssBANK0     003C
_second_time                      bssBANK1     00D7
_set_date                         text3        0905
_set_event                        text2        0039
_set_time                         text1        1504
_stop_alarm                       text22       1B19
_str_write_EEPROM                 text41       1C16
_strncmp                          text21       1E20
_time                             bssBANK0     003F
_times                            strings      1010
_write_ds1307                     text13       1C39
_year                             bssBANK0     0037
btemp                             (abs)        007E
byte_write_EEPROM@addr            cstackBANK0  0048
byte_write_EEPROM@data            cstackCOMMON 0075
clcd_print@addr                   cstackBANK0  004C
clcd_print@str                    cstackBANK0  004A
clcd_putch@addr                   cstackBANK0  004C
clcd_putch@data                   cstackBANK0  004D
clcd_write@byte                   cstackCOMMON 0075
clcd_write@mode                   cstackCOMMON 0074
clear_ram0                        clrtext      1B32
dec2bcd@num                       cstackBANK0  005C
dec2bcd@ones                      cstackBANK0  0059
dec2bcd@temp                      cstackBANK0  005B
dec2bcd@tens                      cstackBANK0  005A
display_dash_screen@reset_flag    cstackBANK0  005A
display_event@reset_flag          cstackBANK0  004F
end_of_initialization             cinit        0035
i2c_read@ack                      cstackBANK0  0048
i2c_read@data                     cstackBANK0  0049
i2c_write@data                    cstackCOMMON 0074
init_ds1307@dummy                 cstackBANK0  0060
init_fetch0                       inittext     1B8B
init_i2c@baud                     cstackBANK0  0055
init_ram0                         inittext     1B8F
interrupt_function                intentry     0004
intlevel0                         functab      0000
intlevel1                         functab      0000
intlevel2                         functab      0000
intlevel3                         functab      0000
intlevel4                         functab      0000
intlevel5                         functab      0000
isr@count                         bssBANK1     00BD
main@control_flag                 cstackBANK3  01A0
main@delay1                       cstackBANK3  019A
main@delay2                       cstackBANK3  0196
main@delay3                       cstackBANK3  0198
main@delay4                       cstackBANK3  0190
main@delay5                       cstackBANK3  0192
main@delay6                       cstackBANK3  0194
main@key                          cstackBANK3  019D
main@key_level                    cstackBANK3  019E
main@menu_pos                     cstackBANK3  019C
main@reset_flag                   cstackBANK3  019F
menu1@key                         cstackBANK0  004E
menu1@menu_pos                    bssBANK0     0035
menu1@reset_flag                  cstackBANK0  0050
menu2@key                         cstackBANK0  004E
menu2@menu_pos                    bssBANK0     0034
menu2@reset_flag                  cstackBANK0  0050
menu3@key                         cstackBANK0  004E
menu3@menu_pos                    bssBANK0     0033
menu3@reset_flag                  cstackBANK0  0050
read_EEPROM@addr                  cstackBANK0  004A
read_EEPROM@data                  cstackBANK0  004B
read_digital_keypad@mode          cstackCOMMON 0075
read_digital_keypad@once          dataBANK1    00E0
read_ds1307@addr                  cstackBANK0  004A
read_ds1307@data                  cstackBANK0  004B
reset_vec                         reset_vec    0000
ring_alarm@alarm_flag             bssBANK1     00BF
saved_w                           (abs)        007E
set_date@day_flag                 bssBANK0     002E
set_date@delay                    bssBANK1     00C1
set_date@flag                     bssBANK0     002B
set_date@key                      cstackBANK0  0056
set_date@month_flag               bssBANK0     002D
set_date@new_date                 bssBANK1     00AB
set_date@reset_flag               cstackBANK0  005A
set_date@year_flag                bssBANK0     002C
set_event@am_pm_flag              bssBANK0     002A
set_event@delay                   bssBANK1     00C0
set_event@duration                bssBANK0     0023
set_event@duration_flag           bssBANK0     0026
set_event@flag                    bssBANK0     0027
set_event@hour_flag               bssBANK0     0028
set_event@i                       bssBANK0     0024
set_event@key                     cstackBANK0  0056
set_event@minute_flag             bssBANK0     0029
set_event@reset_flag              cstackBANK0  005A
set_event@times_flag              bssBANK0     0025
set_time@delay                    bssBANK1     00C2
set_time@flag                     bssBANK0     002F
set_time@hour_flag                bssBANK0     0030
set_time@key                      cstackBANK0  0056
set_time@minute_flag              bssBANK0     0031
set_time@new_time                 bssBANK1     00B2
set_time@reset_flag               cstackBANK0  005A
set_time@second_flag              bssBANK0     0032
start                             init         0010
start_initialization              cinit        0013
str_write_EEPROM@addr             cstackBANK0  004B
str_write_EEPROM@data             cstackBANK0  0049
strncmp@len                       cstackBANK0  004A
strncmp@s1                        cstackBANK0  004C
strncmp@s2                        cstackBANK0  0048
write_ds1307@addr                 cstackBANK0  005E
write_ds1307@data                 cstackBANK0  005D
wtemp0                            (abs)        007E


MODULE INFORMATION

Module		Function		Class		Link	Load	Size
C:\Program Files\Microchip\xc8\v2.32\pic\sources\c90\common\Umul8.c
		___bmul        		CODE           	10A3	0000	23

C:\Program Files\Microchip\xc8\v2.32\pic\sources\c90\common\Umul8.c estimated size: 23

timers.c
		_init_timer2   		CODE           	1B4C	0000	10

timers.c estimated size: 10

digital_keypad.c
		_init_digital_keypad		CODE           	1B25	0000	6
		_read_digital_keypad		CODE           	1CAF	0000	47

digital_keypad.c estimated size: 53

buzzer.c
		_alarm         		CODE           	1B13	0000	6
		_stop_alarm    		CODE           	1B19	0000	6
		_init_buzzer   		CODE           	1B1F	0000	6

buzzer.c estimated size: 18

i2c.c
		_i2c_start     		CODE           	1B3A	0000	9
		_i2c_rep_start 		CODE           	1B61	0000	11
		_i2c_write     		CODE           	1B56	0000	11
		_i2c_stop      		CODE           	1B43	0000	9
		_i2c_read      		CODE           	1C5D	0000	39
		_init_i2c      		CODE           	1D11	0000	52
		_i2c_wait_for_idle		CODE           	1B6C	0000	13

i2c.c estimated size: 144

ds1307.c
		_read_ds1307   		CODE           	1D45	0000	53
		_write_ds1307  		CODE           	1C39	0000	36
		_init_ds1307   		CODE           	1BB7	0000	27

ds1307.c estimated size: 116

digital_alarm_clock_def.c
		_set_date      		CODE           	0905	0000	814
		_set_event     		CODE           	0039	0000	1456
		_ring_alarm    		CODE           	1317	0000	174
		_display_date  		CODE           	0773	0000	119
		_display_time  		CODE           	084D	0000	184
		_display_event 		CODE           	13C5	0000	319
		_display_dash_screen		CODE           	05E9	0000	394
		_alarm_event   		CODE           	1B9E	0000	25
		_get_time      		CODE           	1BF4	0000	34
		_dec2bcd       		CODE           	080C	0000	65
		_clear_screen  		CODE           	1B79	0000	18
		_menu1         		CODE           	112B	0000	164
		_set_time      		CODE           	1504	0000	764
		_menu2         		CODE           	11CF	0000	164
		_get_date      		CODE           	1D7A	0000	53
		_menu3         		CODE           	1273	0000	164

digital_alarm_clock_def.c estimated size: 4911

C:\Program Files\Microchip\xc8\v2.32\pic\sources\c90\common\awmod.c
		___awmod       		CODE           	1E70	0000	91

C:\Program Files\Microchip\xc8\v2.32\pic\sources\c90\common\awmod.c estimated size: 91

EEPROM.c
		_str_write_EEPROM		CODE           	1C16	0000	35
		_byte_write_EEPROM		CODE           	1BD2	0000	34
		_read_EEPROM   		CODE           	1DAF	0000	53

EEPROM.c estimated size: 122

isr.c
		_isr           		CODE           	1ECB	0000	100

isr.c estimated size: 100

shared
		__stringtab    		STRING         	1000	0000	16
		__initialization		CODE           	0013	0000	34
		_times         		STRING         	1010	0000	4

shared estimated size: 54

clcd.c
		_clcd_write    		CODE           	1DE4	0000	60
		_clcd_print    		CODE           	1CDE	0000	51
		_clcd_putch    		CODE           	07EA	0000	21
		_init_display_controller		CODE           	10BA	0000	113
		_init_clcd     		CODE           	0801	0000	11

clcd.c estimated size: 256

C:\Program Files\Microchip\xc8\v2.32\pic\sources\c90\common\awdiv.c
		___awdiv       		CODE           	1F97	0000	105

C:\Program Files\Microchip\xc8\v2.32\pic\sources\c90\common\awdiv.c estimated size: 105

main.c
		_main          		CODE           	0C33	0000	973
		_init_config   		CODE           	1C84	0000	43

main.c estimated size: 1016

C:\Program Files\Microchip\xc8\v2.32\pic\sources\c90\common\strncmp.c
		_strncmp       		CODE           	1E20	0000	80

C:\Program Files\Microchip\xc8\v2.32\pic\sources\c90\common\strncmp.c estimated size: 80

C:\Program Files\Microchip\xc8\v2.32\pic\sources\c90\common\__lldiv.c
		___lldiv       		CODE           	1F2F	0000	104

C:\Program Files\Microchip\xc8\v2.32\pic\sources\c90\common\__lldiv.c estimated size: 104

